device_name: 'NVIDIA RTX 6000 Ada Generation'   torch 2.5.1+cu124
triton 3.1.0
PHINGAN_FUSED_MLP='1'  PHINGAN_FUSED_MLP_TF32='0'
[secondary] SecondaryGenerator  spec: n_cond 1 n_u 5 n_layers 6 tiles (16, 16) n_out 1 clamp_kind 2 act 1 launch (32, 16) tf32 False
  shapes: eager (1048576, 1) fused (1048576,) emul (1048576,) launch (1048576, 1)
  kernel vs emulator     col 0 (e_sec): mean|dz| 6.997e-08   max|dz| 1.073e-06
  kernel vs eager        col 0 (e_sec): mean|dz| 6.500e-08   max|dz| 1.073e-06
  [ok]   worst max|dz| 1.073e-06 <= tol 0.001
  [FAIL] clamp probe: no input scale saturated both bounds
  launch sweep @1,048,576 lanes (tiles (16, 16), tf32 False):
    grid: BLOCK [16, 32, 64, 128, 256] x num_warps [2, 4, 8, 16] (incumbent (32, 16) forced in as the within-job anchor)
    BLOCK= 16 num_warps=2:    0.216 ms
    BLOCK= 16 num_warps=4:    0.362 ms
    BLOCK= 16 num_warps=8:    0.519 ms
    BLOCK= 16 num_warps=16:    1.035 ms
    BLOCK= 32 num_warps=2:    0.168 ms
    BLOCK= 32 num_warps=4:    0.207 ms
    BLOCK= 32 num_warps=8:    0.358 ms
    BLOCK= 32 num_warps=16:    0.520 ms
    BLOCK= 64 num_warps=2:    0.139 ms
    BLOCK= 64 num_warps=4:    0.164 ms
    BLOCK= 64 num_warps=8:    0.206 ms
    BLOCK= 64 num_warps=16:    0.360 ms
    BLOCK=128 num_warps=2:    0.135 ms
    BLOCK=128 num_warps=4:    0.139 ms
    BLOCK=128 num_warps=8:    0.169 ms
    BLOCK=128 num_warps=16:    0.215 ms
    BLOCK=256 num_warps=2:    0.242 ms
    BLOCK=256 num_warps=4:    0.139 ms
    BLOCK=256 num_warps=8:    0.151 ms
    BLOCK=256 num_warps=16:    0.176 ms
  BEST secondary: BLOCK=128 num_warps=2 (0.135 ms); spec was (32, 16) at 0.520 ms

=== _LAUNCH_CONFIG candidates ===
  secondary  BLOCK=128 num_warps=2 (0.135 ms)
FUSED-MLP PARITY FAILED:
  secondary: fused shape (1048576,) != eager (1048576, 1)
  secondary: could not saturate the clamp's upper bound -- the probe is vacuous
